Structure: 1   Energy = -71.3
Structure: 2   Energy = -80.2
Structure: 3   Energy = -75.8
Structure: 4   Energy = -60.9
